 gcc -g p6original.c; ./a.out
Enter a string:
helloworldhello
Enter the sub-string:
world
index of world in the given helloworldhello is : 5 
 gdb a.out
GNU gdb (Ubuntu 8.1.1-0ubuntu1) 8.1.1
Copyright (C) 2018 Free Software Foundation, Inc.
License GPLv3+: GNU GPL version 3 or later <http://gnu.org/licenses/gpl.html>
This is free software: you are free to change and redistribute it.
There is NO WARRANTY, to the extent permitted by law.  Type "show copying"
and "show warranty" for details.
This GDB was configured as "x86_64-linux-gnu".
Type "show configuration" for configuration details.
For bug reporting instructions, please see:
<http://www.gnu.org/software/gdb/bugs/>.
Find the GDB manual and other documentation resources online at:
<http://www.gnu.org/software/gdb/documentation/>.
For help, type "help".
Type "apropos word" to search for commands related to "word"...
Reading symbols from a.out...done.
(gdb) b main
Breakpoint 1 at 0x8eb: file p6original.c, line 31.
(gdb) r
Starting program: /home/runner/Test2Session1/a.out 
warning: Error disabling address space randomization: Operation not permitted

Breakpoint 1, main () at p6original.c:31
31  {
(gdb) n
33      input_string(string,sub_string);
(gdb) s
input_string (string=0x7ffc0479fae0 "H\373y\004\374\177", 
    sub_string=0x7ffc0479fb00 "@[\261k\242\177") at p6original.c:6
6       printf("Enter a string:\n");
(gdb) n
Enter a string:
7       scanf("%s",string);
(gdb) n
        helloworldhello
8       printf("Enter the sub-string:\n");
(gdb) n
Enter the sub-string:
9       scanf("%s",sub_string);
(gdb) n
        world
10  }
(gdb) n
main () at p6original.c:34
34      int g=index_of_substring(string,sub_string);
(gdb) s
index_of_substring (string=0x7ffc0479fae0 "helloworldhello", 
    sub_string=0x7ffc0479fb00 "world") at p6original.c:15
15      c= strstr(string,sub_string);
(gdb) n
17      a1 = strlen(string);
(gdb) n
18      a2= strlen(c);
(gdb) n
19      a3= a1-a2;
(gdb) n
20      return a3;
(gdb) p a3
$1 = 5
(gdb) n
22  }
(gdb) n
main () at p6original.c:35
35      output(string,sub_string,g);
(gdb) s
output (string=0x7ffc0479fae0 "helloworldhello", 
    sub_string=0x7ffc0479fb00 "world", g=5) at p6original.c:25
25      if(g>0)
(gdb) n
27       printf("index of %s in the given %s is : %d",sub_string,string,g);  
(gdb) n
29  }
(gdb) n
main () at p6original.c:36
36      return 0;
(gdb) c
Continuing.
index of world in the given helloworldhello is : 5[Inferior 1 (process 425) exited normally]
(gdb) 
